Archive member included because of file (symbol)

../cross_compiler/lib/gcc/arm-none-eabi/4.8.1//libgcc.a(_udivsi3.o)
                              binaries/qsort.o (__aeabi_uidiv)
../cross_compiler/lib/gcc/arm-none-eabi/4.8.1//libgcc.a(_divsi3.o)
                              binaries/doprnt.o (__aeabi_idiv)
../cross_compiler/lib/gcc/arm-none-eabi/4.8.1//libgcc.a(_dvmd_tls.o)
                              ../cross_compiler/lib/gcc/arm-none-eabi/4.8.1//libgcc.a(_udivsi3.o) (__aeabi_idiv0)
../cross_compiler/lib/gcc/arm-none-eabi/4.8.1//libgcc.a(_arm_muldivdf3.o)
                              binaries/doprnt.o (__aeabi_dmul)
../cross_compiler/lib/gcc/arm-none-eabi/4.8.1//libgcc.a(_arm_cmpdf2.o)
                              binaries/doprnt.o (__aeabi_dcmplt)
../cross_compiler/lib/gcc/arm-none-eabi/4.8.1//libgcc.a(_arm_fixdfsi.o)
                              binaries/doprnt.o (__aeabi_d2iz)

Allocating common symbols
Common symbol       size              file

netbufpool          0x4               binaries/net.o
t3                  0x4               binaries/main.o
readylist           0x2               binaries/ready.o
rfltab              0x5a0             binaries/rflinit.o
netportseed         0x4               binaries/net.o
sleepq              0x2               binaries/clkinit.o
gpiotab             0x10              binaries/gpioinit.o
intc_vector         0x200             binaries/evec.o
nnames              0x4               binaries/naminit.o
udptab              0x168             binaries/udp.o
minheap             0x4               binaries/meminit.o
marks               0x50              binaries/mark.o
currpid             0x4               binaries/initialize.o
Lf_data             0x20c             binaries/lfsinit.o
porttab             0x2d0             binaries/ptinit.o
ttytab              0x110             binaries/ttyinit.o
proctab             0x15e0            binaries/initialize.o
eth_a_regs          0x1c              binaries/ethinit.o
prcount             0x4               binaries/initialize.o
t2                  0x4               binaries/main.o
semid               0x4               binaries/main.o
lfltab              0xf00             binaries/lflinit.o
nprocesses          0x4               binaries/main.o
rdstab              0x7c              binaries/rdsinit.o
ethertab            0x138             binaries/ethinit.o
NetData             0xb0              binaries/net.o
nmarks              0x4               binaries/mark.o
Defer               0x8               binaries/resched.o
semtab              0x4b0             binaries/initialize.o
maxheap             0x4               binaries/meminit.o
preempt             0x4               binaries/clkinit.o
buftab              0xf0              binaries/bufinit.o
Rf_data             0x18              binaries/rfsinit.o
mkmutex             0x4               binaries/mark.o
t1                  0x4               binaries/main.o
count1000           0x4               binaries/clkinit.o
clktime             0x4               binaries/clkinit.o
arpcache            0x140             binaries/arp.o
icmptab             0x230             binaries/icmp.o
nbpools             0x4               binaries/bufinit.o
queuetab            0x980             binaries/queue.o
ptnextid            0x4               binaries/ptinit.o
Ram                 0x19000           binaries/raminit.o
ipoqueue            0x2c              binaries/ip.o
memlist             0x8               binaries/initialize.o
nametab             0x5200            binaries/naminit.o
ptfree              0x4               binaries/ptinit.o

Memory Configuration

Name             Origin             Length             Attributes
*default*        0x00000000         0xffffffff

Linker script and memory map

                0x81000000                physbase = 0x81000000
                0x81000000                . = physbase
                0x81000000                . = ALIGN (0x1000)

.text           0x81000000    0x17000
                0x81000000                text = ABSOLUTE (.)
 *(.text .text.*)
 .text          0x81000000       0x4c binaries/start.o
                0x81000000                start
 .text          0x8100004c      0x33c binaries/ascdate.o
                0x8100004c                ascdate
 .text          0x81000388       0x18 binaries/bufinit.o
                0x81000388                bufinit
 .text          0x810003a0       0x68 binaries/chprio.o
                0x810003a0                chprio
 .text          0x81000408       0xf0 binaries/clkhandler.o
                0x81000408                clkhandler
 .text          0x810004f8       0xe0 binaries/clkinit.o
                0x810004f8                clkinit
 .text          0x810005d8       0x50 binaries/close.o
                0x810005d8                close
 .text          0x81000628        0x0 binaries/conf.o
 .text          0x81000628       0x68 binaries/control.o
                0x81000628                control
 .text          0x81000690      0x290 binaries/create.o
                0x81000690                create
 .text          0x81000920       0xc4 binaries/evec.o
                0x81000920                initintc
                0x8100094c                set_evec
                0x8100098c                irq_dispatch
 .text          0x810009e4       0x10 binaries/exit.o
                0x810009e4                exit
 .text          0x810009f4       0x7c binaries/freebuf.o
                0x810009f4                freebuf
 .text          0x81000a70      0x148 binaries/freemem.o
                0x81000a70                freemem
 .text          0x81000bb8       0x78 binaries/getbuf.o
                0x81000bb8                getbuf
 .text          0x81000c30       0x50 binaries/getc.o
                0x81000c30                getc
 .text          0x81000c80       0x68 binaries/getdev.o
                0x81000c80                getdev
 .text          0x81000ce8       0xa0 binaries/getitem.o
                0x81000ce8                getitem
                0x81000d18                getfirst
                0x81000d4c                getlast
 .text          0x81000d88      0x108 binaries/getmem.o
                0x81000d88                getmem
 .text          0x81000e90       0x10 binaries/getpid.o
                0x81000e90                getpid
 .text          0x81000ea0       0x5c binaries/getprio.o
                0x81000ea0                getprio
 .text          0x81000efc       0xc8 binaries/getstk.o
                0x81000efc                getstk
 .text          0x81000fc4        0x8 binaries/getticks.o
                0x81000fc4                getticks
 .text          0x81000fcc       0x38 binaries/gettime.o
                0x81000fcc                gettime
 .text          0x81001004      0x1f4 binaries/getutime.o
                0x81001004                getutime
 .text          0x810011f8       0x50 binaries/init.o
                0x810011f8                init
 .text          0x81001248      0x348 binaries/initialize.o
                0x810012ec                nulluser
                0x81001530                stop
                0x81001554                delay
 .text          0x81001590       0xd0 binaries/insert.o
                0x81001590                insert
 .text          0x81001660      0x134 binaries/insertd.o
                0x81001660                insertd
 .text          0x81001794        0x8 binaries/ioerr.o
                0x81001794                ioerr
 .text          0x8100179c        0x8 binaries/ionull.o
                0x8100179c                ionull
 .text          0x810017a4      0x158 binaries/kill.o
                0x810017a4                kill
 .text          0x810018fc       0xf0 binaries/kprintf.o
                0x810018fc                kputc
                0x81001960                kgetc
                0x810019b4                kprintf
 .text          0x810019ec      0x2fc binaries/main.o
                0x810019ec                incr1
                0x81001a64                incr2
                0x81001adc                incr3
                0x81001b54                timer
                0x81001b78                main
 .text          0x81001ce8       0xd0 binaries/mark.o
                0x81001ce8                markinit
                0x81001d14                mark
 .text          0x81001db8       0x48 binaries/meminit.o
                0x81001db8                meminit
 .text          0x81001e00      0x140 binaries/mkbufpool.o
                0x81001e00                mkbufpool
 .text          0x81001f40       0x7c binaries/newqueue.o
                0x81001f40                newqueue
 .text          0x81001fbc       0x60 binaries/open.o
                0x81001fbc                open
 .text          0x8100201c       0x20 binaries/panic.o
                0x8100201c                panic
 .text          0x8100203c       0xac binaries/platinit.o
                0x8100203c                counterinit
                0x81002054                platinit
 .text          0x810020e8       0xa8 binaries/ptclear.o
                0x810020e8                _ptclear
 .text          0x81002190       0x78 binaries/ptcount.o
                0x81002190                ptcount
 .text          0x81002208       0xdc binaries/ptcreate.o
                0x81002208                ptcreate
 .text          0x810022e4       0x74 binaries/ptdelete.o
                0x810022e4                ptdelete
 .text          0x81002358       0xbc binaries/ptinit.o
                0x81002358                ptinit
 .text          0x81002414       0xd0 binaries/ptrecv.o
                0x81002414                ptrecv
 .text          0x810024e4       0x68 binaries/ptreset.o
                0x810024e4                ptreset
 .text          0x8100254c       0xf4 binaries/ptsend.o
                0x8100254c                ptsend
 .text          0x81002640       0x58 binaries/putc.o
                0x81002640                putc
 .text          0x81002698       0xf4 binaries/queue.o
                0x81002698                enqueue
                0x81002730                dequeue
 .text          0x8100278c       0x60 binaries/read.o
                0x8100278c                read
 .text          0x810027ec       0x74 binaries/ready.o
                0x810027ec                ready
 .text          0x81002860       0x60 binaries/receive.o
                0x81002860                receive
 .text          0x810028c0       0x48 binaries/recvclr.o
                0x810028c0                recvclr
 .text          0x81002908       0xb0 binaries/recvtime.o
                0x81002908                recvtime
 .text          0x810029b8      0x1ac binaries/resched.o
                0x810029b8                resched
                0x81002aa8                resched_cntl
 .text          0x81002b64       0x90 binaries/resume.o
                0x81002b64                resume
 .text          0x81002bf4       0x58 binaries/seek.o
                0x81002bf4                seek
 .text          0x81002c4c       0x58 binaries/semcount.o
                0x81002c4c                semcount
 .text          0x81002ca4       0xb8 binaries/semcreate.o
                0x81002ca4                semcreate
 .text          0x81002d5c       0xac binaries/semdelete.o
                0x81002d5c                semdelete
 .text          0x81002e08       0xa4 binaries/semreset.o
                0x81002e08                semreset
 .text          0x81002eac       0xc0 binaries/send.o
                0x81002eac                send
 .text          0x81002f6c       0x80 binaries/signal.o
                0x81002f6c                signal
 .text          0x81002fec       0xb0 binaries/signaln.o
                0x81002fec                signaln
 .text          0x8100309c       0xcc binaries/sleep.o
                0x8100309c                sleepms
                0x81003138                sleep
 .text          0x81003168       0xbc binaries/suspend.o
                0x81003168                suspend
 .text          0x81003224       0xb8 binaries/unsleep.o
                0x81003224                unsleep
 .text          0x810032dc       0x10 binaries/userret.o
                0x810032dc                userret
 .text          0x810032ec       0xac binaries/wait.o
                0x810032ec                wait
 .text          0x81003398       0xa0 binaries/wakeup.o
                0x81003398                wakeup
 .text          0x81003438       0x60 binaries/write.o
                0x81003438                write
 .text          0x81003498       0x18 binaries/xdone.o
                0x81003498                xdone
 .text          0x810034b0       0x20 binaries/yield.o
                0x810034b0                yield
 .text          0x810034d0        0xc binaries/abs.o
                0x810034d0                abs
 .text          0x810034dc      0x114 binaries/atoi.o
                0x810034dc                atoi
 .text          0x810035f0      0x114 binaries/atol.o
                0x810035f0                atol
 .text          0x81003704       0x20 binaries/bzero.o
                0x81003704                bzero
 .text          0x81003724        0x0 binaries/ctype_.o
 .text          0x81003724      0xa34 binaries/doprnt.o
                0x81003944                _doprnt
 .text          0x81004158      0x704 binaries/doscan.o
                0x81004158                _doscan
 .text          0x8100485c      0x898 binaries/fdoprnt.o
                0x81004908                _fdoprnt
 .text          0x810050f4       0x14 binaries/fgetc.o
                0x810050f4                fgetc
 .text          0x81005108       0x84 binaries/fgets.o
                0x81005108                fgets
 .text          0x8100518c       0x3c binaries/fprintf.o
                0x8100518c                fprintf
 .text          0x810051c8       0x24 binaries/fputc.o
                0x810051c8                fputc
 .text          0x810051ec       0x38 binaries/fputs.o
                0x810051ec                fputs
 .text          0x81005224       0x78 binaries/fscanf.o
                0x81005258                fscanf
 .text          0x8100529c       0x2c binaries/getchar.o
                0x8100529c                getchar
 .text          0x810052c8        0xc binaries/labs.o
                0x810052c8                labs
 .text          0x810052d4       0x60 binaries/memcmp.o
                0x810052d4                memcmp
 .text          0x81005334       0x24 binaries/memcpy.o
                0x81005334                memcpy
 .text          0x81005358       0x20 binaries/memset.o
                0x81005358                memset
 .text          0x81005378       0x58 binaries/printf.o
                0x81005378                printf
 .text          0x810053d0       0x2c binaries/putchar.o
                0x810053d0                putchar
 .text          0x810053fc      0x254 binaries/qsort.o
                0x81005630                qsort
 .text          0x81005650       0x7c binaries/rand.o
                0x81005650                rand
                0x81005688                rand_r
                0x810056bc                srand
 .text          0x810056cc       0x68 binaries/sprintf.o
                0x810056e4                sprintf
 .text          0x81005734       0x78 binaries/sscanf.o
                0x81005768                sscanf
 .text          0x810057ac       0x48 binaries/strchr.o
                0x810057ac                strchr
 .text          0x810057f4       0x54 binaries/strcmp.o
                0x810057f4                strcmp
 .text          0x81005848       0x18 binaries/strcpy.o
                0x81005848                strcpy
 .text          0x81005860       0x30 binaries/strlen.o
                0x81005860                strlen
 .text          0x81005890       0x50 binaries/strncat.o
                0x81005890                strncat
 .text          0x810058e0       0x54 binaries/strncmp.o
                0x810058e0                strncmp
 .text          0x81005934       0x80 binaries/strncpy.o
                0x81005934                strncpy
 .text          0x810059b4       0x48 binaries/strnlen.o
                0x810059b4                strnlen
 .text          0x810059fc       0x58 binaries/strrchr.o
                0x810059fc                strrchr
 .text          0x81005a54       0xb0 binaries/strstr.o
                0x81005a54                strstr
 .text          0x81005b04       0xc8 binaries/ttycontrol.o
                0x81005b04                ttycontrol
 .text          0x81005bcc       0x6c binaries/ttygetc.o
                0x81005bcc                ttygetc
 .text          0x81005c38      0x4e0 binaries/ttyhandle_in.o
                0x81005d04                ttyhandle_in
 .text          0x81006118      0x14c binaries/ttyhandle_out.o
                0x81006118                ttyhandle_out
 .text          0x81006264       0xc8 binaries/ttyhandler.o
                0x81006264                ttyhandler
 .text          0x8100632c      0x120 binaries/ttyinit.o
                0x8100632c                ttyinit
 .text          0x8100644c        0xc binaries/ttykickout.o
                0x8100644c                ttykickout
 .text          0x81006458       0x78 binaries/ttyputc.o
                0x81006458                ttyputc
 .text          0x810064d0      0x110 binaries/ttyread.o
                0x810064d0                ttyread
 .text          0x810065e0       0x4c binaries/ttywrite.o
                0x810065e0                ttywrite
 .text          0x8100662c      0x150 binaries/mount.o
                0x8100662c                namlen
                0x81006680                mount
 .text          0x8100677c      0x1dc binaries/naminit.o
                0x8100677c                naminit
 .text          0x81006958      0x238 binaries/nammap.o
                0x81006958                namrepl
                0x81006a90                namcpy
                0x81006aec                nammap
 .text          0x81006b90       0x40 binaries/namopen.o
                0x81006b90                namopen
 .text          0x81006bd0       0x40 binaries/ethcontrol.o
                0x81006bd0                ethcontrol
 .text          0x81006c10      0x178 binaries/ethhandler.o
                0x81006c10                ethhandler
 .text          0x81006d88      0x734 binaries/ethinit.o
                0x81006d88                eth_phy_read
                0x81006df8                eth_phy_write
                0x81006e50                eth_phy_reset
                0x81006fc0                ethinit
 .text          0x810074bc       0xd8 binaries/ethread.o
                0x810074bc                ethread
 .text          0x81007594      0x130 binaries/ethwrite.o
                0x81007594                ethwrite
 .text          0x810076c4      0x204 binaries/rdscomm.o
                0x810076c4                rdscomm
 .text          0x810078c8      0x184 binaries/rdscontrol.o
                0x810078c8                rdscontrol
 .text          0x81007a4c       0x38 binaries/rdsinit.o
                0x81007a4c                rdsinit
 .text          0x81007a84      0x2ac binaries/rdsopen.o
                0x81007a84                rdsopen
 .text          0x81007d30      0x304 binaries/rdsprocess.o
                0x81007d30                rdsprocess
 .text          0x81008034      0x468 binaries/rdsqfcns.o
                0x81008034                rdqunlink
                0x81008098                rdqinsert
                0x810080bc                rdcunlink
                0x81008124                rdcinsert
                0x810081a0                rdqdump
                0x81008340                rdcdump
 .text          0x8100849c      0x188 binaries/rdsread.o
                0x8100849c                rdsread
 .text          0x81008624       0x48 binaries/rdssetprio.o
                0x81008624                rdssetprio
 .text          0x8100866c       0xf4 binaries/rdswrite.o
                0x8100866c                rdswrite
 .text          0x81008760        0x8 binaries/ramclose.o
                0x81008760                ramclose
 .text          0x81008768       0x3c binaries/raminit.o
                0x81008768                raminit
 .text          0x810087a4        0x8 binaries/ramopen.o
                0x810087a4                ramopen
 .text          0x810087ac       0x24 binaries/ramread.o
                0x810087ac                ramread
 .text          0x810087d0       0x20 binaries/ramwrite.o
                0x810087d0                ramwrite
 .text          0x810087f0       0x94 binaries/lfdballoc.o
                0x810087f0                lfdballoc
 .text          0x81008884       0x4c binaries/lfdbfree.o
                0x81008884                lfdbfree
 .text          0x810088d0       0xb8 binaries/lfflush.o
                0x810088d0                lfflush
 .text          0x81008988       0xc8 binaries/lfgetmode.o
                0x81008988                lfgetmode
 .text          0x81008a50       0x6c binaries/lfiballoc.o
                0x81008a50                lfiballoc
 .text          0x81008abc       0x30 binaries/lfibclear.o
                0x81008abc                lfibclear
 .text          0x81008aec       0x64 binaries/lfibget.o
                0x81008aec                lfibget
 .text          0x81008b50       0x8c binaries/lfibput.o
                0x81008b50                lfibput
 .text          0x81008bdc       0x84 binaries/lflclose.o
                0x81008bdc                lflclose
 .text          0x81008c60       0xa0 binaries/lflcontrol.o
                0x81008c60                lflcontrol
 .text          0x81008d00       0xa8 binaries/lflgetc.o
                0x81008d00                lflgetc
 .text          0x81008da8       0xa8 binaries/lflinit.o
                0x81008da8                lflinit
 .text          0x81008e50       0xdc binaries/lflputc.o
                0x81008e50                lflputc
 .text          0x81008f2c       0x78 binaries/lflread.o
                0x81008f2c                lflread
 .text          0x81008fa4       0x80 binaries/lflseek.o
                0x81008fa4                lflseek
 .text          0x81009024       0x5c binaries/lflwrite.o
                0x81009024                lflwrite
 .text          0x81009080       0xa0 binaries/lfscheck.o
                0x81009080                lfscheck
 .text          0x81009120      0x144 binaries/lfsckfmt.o
                0x81009120                lfsckfmt
 .text          0x81009264      0x1b8 binaries/lfscreate.o
                0x81009264                lfscreate
 .text          0x8100941c      0x1f0 binaries/lfsetup.o
                0x8100941c                lfsetup
 .text          0x8100960c       0x44 binaries/lfsinit.o
                0x8100960c                lfsinit
 .text          0x81009650      0x38c binaries/lfsopen.o
                0x81009650                lfsopen
 .text          0x810099dc      0x108 binaries/lftruncate.o
                0x810099dc                lftruncate
 .text          0x81009ae4      0x174 binaries/rflclose.o
                0x81009ae4                rflclose
 .text          0x81009c58       0x54 binaries/rflgetc.o
                0x81009c58                rflgetc
 .text          0x81009cac       0x54 binaries/rflinit.o
                0x81009cac                rflinit
 .text          0x81009d00       0x30 binaries/rflputc.o
                0x81009d00                rflputc
 .text          0x81009d30      0x298 binaries/rflread.o
                0x81009d30                rflread
 .text          0x81009fc8       0x74 binaries/rflseek.o
                0x81009fc8                rflseek
 .text          0x8100a03c      0x2c8 binaries/rflwrite.o
                0x8100a03c                rflwrite
 .text          0x8100a304      0x1e0 binaries/rfscomm.o
                0x8100a304                rfscomm
 .text          0x8100a4e4      0x21c binaries/rfscontrol.o
                0x8100a4e4                rfscontrol
 .text          0x8100a700       0xc8 binaries/rfsgetmode.o
                0x8100a700                rfsgetmode
 .text          0x8100a7c8       0x60 binaries/rfsinit.o
                0x8100a7c8                rfsinit
 .text          0x8100a828       0xa4 binaries/rfsndmsg.o
                0x8100a828                rfsndmsg
 .text          0x8100a8cc      0x22c binaries/rfsopen.o
                0x8100a8cc                rfsopen
 .text          0x8100aaf8       0x8c binaries/spicontrol.o
                0x8100aaf8                spicontrol
 .text          0x8100ab84       0xa8 binaries/spiinit.o
                0x8100ab84                spiinit
 .text          0x8100ac2c      0x19c binaries/gpiocontrol.o
                0x8100ac2c                gpiocontrol
 .text          0x8100adc8      0x204 binaries/gpiohandler.o
                0x8100adc8                gpiohandler
 .text          0x8100afcc       0xe8 binaries/gpioinit.o
                0x8100afcc                gpioinit
 .text          0x8100b0b4       0x18 binaries/gpioread.o
                0x8100b0b4                gpioread
 .text          0x8100b0cc       0x18 binaries/gpioselect.o
                0x8100b0cc                gpioselect
 .text          0x8100b0e4       0x20 binaries/gpiowrite.o
                0x8100b0e4                gpiowrite
 .text          0x8100b104      0x714 binaries/arp.o
                0x8100b104                arp_init
                0x8100b124                arp_alloc
                0x8100b1f8                arp_ntoh
                0x8100b29c                arp_hton
                0x8100b340                arp_resolve
                0x8100b5a4                arp_in
 .text          0x8100b818      0x6b0 binaries/dhcp.o
                0x8100b818                dhcp_get_opt_val
                0x8100b878                dhcp_bld_bootp_msg
                0x8100b970                dhcp_bld_disc
                0x8100b9c4                dhcp_bld_req
                0x8100ba88                getlocalip
 .text          0x8100bec8      0x670 binaries/dns.o
                0x8100bfb0                dnslookup
 .text          0x8100c538       0xf0 binaries/dot2ip.o
                0x8100c538                dot2ip
 .text          0x8100c628      0x33c binaries/hexdump.o
                0x8100c628                hexdump
                0x8100c788                hexadump
 .text          0x8100c964      0x694 binaries/icmp.o
                0x8100c964                icmp_init
                0x8100c988                icmp_register
                0x8100ca44                icmp_recv
                0x8100cb94                icmp_mkpkt
                0x8100cc84                icmp_in
                0x8100ce04                icmp_send
                0x8100ce74                icmp_release
                0x8100cf30                icmp_cksum
                0x8100cf90                icmp_hton
                0x8100cfc4                icmp_ntoh
 .text          0x8100cff8      0x668 binaries/ip.o
                0x8100cff8                ip_local
                0x8100d028                ipcksum
                0x8100d06c                ip_ntoh
                0x8100d110                ip_in
                0x8100d240                ip_hton
                0x8100d2e4                ip_out
                0x8100d398                ip_send
                0x8100d4c8                ipout
                0x8100d5c4                ip_enqueue
 .text          0x8100d660      0x228 binaries/net.o
                0x8100d660                net_init
                0x8100d768                eth_hton
                0x8100d77c                eth_ntoh
                0x8100d790                netin
                0x8100d838                getport
 .text          0x8100d888      0x9dc binaries/pdump.o
                0x8100d888                pdump
                0x8100de14                pdumph
 .text          0x8100e264      0x56c binaries/tftp.o
                0x8100e264                tftp_send1
                0x8100e350                tftpget_mb
                0x8100e79c                tftpget
 .text          0x8100e7d0      0x870 binaries/udp.o
                0x8100e7d0                udp_init
                0x8100e7f8                udp_in
                0x8100e8e4                udp_register
                0x8100e9e0                udp_recv
                0x8100eb14                udp_recvaddr
                0x8100ec64                udp_send
                0x8100edcc                udp_sendto
                0x8100ef1c                udp_release
                0x8100efd8                udp_ntoh
                0x8100f00c                udp_hton
 .text          0x8100f040      0x120 binaries/addargs.o
                0x8100f040                addargs
 .text          0x8100f160      0x2b4 binaries/lexan.o
                0x8100f160                lexan
 .text          0x8100f414      0x6ac binaries/shell.o
                0x8100f414                shell
 .text          0x8100fac0       0x64 binaries/xsh_argecho.o
                0x8100fac0                xsh_argecho
 .text          0x8100fb24      0x1f8 binaries/xsh_arp.o
                0x8100fb24                xsh_arp
 .text          0x8100fd1c      0x23c binaries/xsh_cat.o
                0x8100fd1c                xsh_cat
 .text          0x8100ff58       0x5c binaries/xsh_clear.o
                0x8100ff58                xsh_clear
 .text          0x8100ffb4      0x29c binaries/xsh_date.o
                0x8100ffb4                xsh_date
 .text          0x81010250       0x98 binaries/xsh_devdump.o
                0x81010250                xsh_devdump
 .text          0x810102e8       0x68 binaries/xsh_echo.o
                0x810102e8                xsh_echo
 .text          0x81010350        0x8 binaries/xsh_exit.o
                0x81010350                xsh_exit
 .text          0x81010358      0x3d0 binaries/xsh_help.o
                0x81010358                xsh_help
 .text          0x81010728      0x1f8 binaries/xsh_kill.o
                0x81010728                xsh_kill
 .text          0x81010920      0x488 binaries/xsh_ls.o
                0x81010920                xsh_ls
 .text          0x81010da8      0x490 binaries/xsh_memdump.o
                0x81010ea4                xsh_memdump
 .text          0x81011238      0x224 binaries/xsh_memstat.o
                0x81011238                xsh_memstat
 .text          0x8101145c      0x3fc binaries/xsh_netinfo.o
                0x8101145c                xsh_netinfo
 .text          0x81011858      0x4ec binaries/xsh_ns.o
                0x81011858                xsh_ns
 .text          0x81011d44      0x330 binaries/xsh_ping.o
                0x81011d44                xsh_ping
 .text          0x81012074      0x220 binaries/xsh_ps.o
                0x81012074                xsh_ps
 .text          0x81012294      0x1cc binaries/xsh_sleep.o
                0x81012294                xsh_sleep
 .text          0x81012460      0x244 binaries/xsh_udpdump.o
                0x81012460                xsh_udpdump
 .text          0x810126a4      0x4c0 binaries/xsh_udpecho.o
                0x810126a4                xsh_udpecho
 .text          0x81012b64      0x254 binaries/xsh_udpserver.o
                0x81012b64                xsh_udpeserver
 .text          0x81012db8      0x1ac binaries/xsh_uptime.o
                0x81012db8                xsh_uptime
 .text          0x81012f64       0x2c binaries/ctxsw.o
                0x81012f64                ctxsw
 .text          0x81012f90      0x100 binaries/intr.o
                0x81012f90                disable
                0x81012f9c                restore
                0x81012fc0                enable
                0x81012fc8                pause
                0x81012fc8                halt
                0x81012fd0                irq_except
                0x81013000                initevec
                0x81013060                expjmpinstr
 .text          0x81013090      0x114 ../cross_compiler/lib/gcc/arm-none-eabi/4.8.1//libgcc.a(_udivsi3.o)
                0x81013090                __udivsi3
                0x81013090                __aeabi_uidiv
                0x81013184                __aeabi_uidivmod
 .text          0x810131a4      0x148 ../cross_compiler/lib/gcc/arm-none-eabi/4.8.1//libgcc.a(_divsi3.o)
                0x810131a4                __aeabi_idiv
                0x810131a4                __divsi3
                0x810132cc                __aeabi_idivmod
 .text          0x810132ec        0x4 ../cross_compiler/lib/gcc/arm-none-eabi/4.8.1//libgcc.a(_dvmd_tls.o)
                0x810132ec                __aeabi_ldiv0
                0x810132ec                __aeabi_idiv0
 .text          0x810132f0      0x49c ../cross_compiler/lib/gcc/arm-none-eabi/4.8.1//libgcc.a(_arm_muldivdf3.o)
                0x810132f0                __aeabi_dmul
                0x810132f0                __muldf3
                0x81013580                __aeabi_ddiv
                0x81013580                __divdf3
 .text          0x8101378c      0x144 ../cross_compiler/lib/gcc/arm-none-eabi/4.8.1//libgcc.a(_arm_cmpdf2.o)
                0x8101378c                __gtdf2
                0x8101378c                __gedf2
                0x81013794                __ltdf2
                0x81013794                __ledf2
                0x8101379c                __cmpdf2
                0x8101379c                __eqdf2
                0x8101379c                __nedf2
                0x81013824                __aeabi_cdrcmple
                0x81013840                __aeabi_cdcmple
                0x81013840                __aeabi_cdcmpeq
                0x81013858                __aeabi_dcmpeq
                0x81013870                __aeabi_dcmplt
                0x81013888                __aeabi_dcmple
                0x810138a0                __aeabi_dcmpge
                0x810138b8                __aeabi_dcmpgt
 .text          0x810138d0       0x5c ../cross_compiler/lib/gcc/arm-none-eabi/4.8.1//libgcc.a(_arm_fixdfsi.o)
                0x810138d0                __fixdfsi
                0x810138d0                __aeabi_d2iz
 *(.rodata .rodata.*)
 .rodata.str1.4
                0x8101392c       0x74 binaries/ascdate.o
                                 0x78 (size before relaxing)
 .rodata.str1.4
                0x810139a0       0xf9 binaries/conf.o
                                 0xfc (size before relaxing)
 *fill*         0x81013a99        0x3 
 .rodata.str1.4
                0x81013a9c       0x61 binaries/getutime.o
                                 0x64 (size before relaxing)
 *fill*         0x81013afd        0x3 
 .rodata.str1.4
                0x81013b00      0x18c binaries/initialize.o
                                0x190 (size before relaxing)
 .rodata.str1.4
                0x81013c8c       0x87 binaries/main.o
                                 0x8c (size before relaxing)
 *fill*         0x81013d13        0x1 
 .rodata.str1.4
                0x81013d14        0xf binaries/panic.o
                                 0x10 (size before relaxing)
 *fill*         0x81013d23        0x1 
 .rodata.str1.4
                0x81013d24       0x1d binaries/ptinit.o
                                 0x20 (size before relaxing)
 *fill*         0x81013d41        0x3 
 .rodata.str1.4
                0x81013d44       0x25 binaries/ptsend.o
                                 0x28 (size before relaxing)
 *fill*         0x81013d69        0x3 
 .rodata.str1.4
                0x81013d6c       0x27 binaries/xdone.o
                                 0x28 (size before relaxing)
 *fill*         0x81013d93        0x1 
 .rodata        0x81013d94       0x84 binaries/ctype_.o
                0x81013d94                _ctype_
 .rodata.str1.4
                0x81013e18       0x2f binaries/doprnt.o
                                 0x30 (size before relaxing)
 .rodata.str1.4
                0x00000000       0x30 binaries/fdoprnt.o
 *fill*         0x81013e47        0x1 
 .rodata.str1.4
                0x81013e48       0x14 binaries/mount.o
 .rodata.str1.4
                0x81013e5c       0x8a binaries/naminit.o
                                 0x94 (size before relaxing)
 *fill*         0x81013ee6        0x2 
 .rodata.str1.4
                0x81013ee8       0xe5 binaries/ethinit.o
                                 0xe8 (size before relaxing)
 *fill*         0x81013fcd        0x3 
 .rodata.str1.4
                0x81013fd0       0x12 binaries/ethread.o
                                 0x14 (size before relaxing)
 *fill*         0x81013fe2        0x2 
 .rodata.str1.4
                0x81013fe4       0x76 binaries/rdscomm.o
                                 0x78 (size before relaxing)
 *fill*         0x8101405a        0x2 
 .rodata.str1.4
                0x8101405c       0x21 binaries/rdscontrol.o
                                 0x24 (size before relaxing)
 *fill*         0x8101407d        0x3 
 .rodata.str1.4
                0x81014080       0xae binaries/rdsopen.o
                                 0xb0 (size before relaxing)
 *fill*         0x8101412e        0x2 
 .rodata.str1.4
                0x81014130       0x3e binaries/rdsprocess.o
                                 0x40 (size before relaxing)
 *fill*         0x8101416e        0x2 
 .rodata.str1.4
                0x81014170       0xed binaries/rdsqfcns.o
                                 0xf4 (size before relaxing)
 *fill*         0x8101425d        0x3 
 .rodata.str1.4
                0x81014260        0x9 binaries/raminit.o
                                  0xc (size before relaxing)
 *fill*         0x81014269        0x3 
 .rodata.str1.4
                0x8101426c       0x36 binaries/lfdballoc.o
                                 0x38 (size before relaxing)
 *fill*         0x810142a2        0x2 
 .rodata.str1.4
                0x810142a4       0x14 binaries/lfiballoc.o
 .rodata.str1.4
                0x810142b8       0x22 binaries/lflcontrol.o
                                 0x24 (size before relaxing)
 *fill*         0x810142da        0x2 
 .rodata.str1.4
                0x810142dc      0x11a binaries/lfsckfmt.o
                                0x11c (size before relaxing)
 *fill*         0x810143f6        0x2 
 .rodata.str1.4
                0x810143f8       0x66 binaries/lfsopen.o
                                 0x68 (size before relaxing)
 *fill*         0x8101445e        0x2 
 .rodata.str1.4
                0x81014460       0x21 binaries/rflclose.o
                                 0x24 (size before relaxing)
 .rodata.str1.4
                0x00000000       0x24 binaries/rflread.o
 .rodata.str1.4
                0x00000000       0x24 binaries/rflwrite.o
 *fill*         0x81014481        0x3 
 .rodata.str1.4
                0x81014484       0x95 binaries/rfscomm.o
                                 0xa4 (size before relaxing)
 *fill*         0x81014519        0x3 
 .rodata.str1.4
                0x8101451c       0x23 binaries/rfscontrol.o
                                 0x24 (size before relaxing)
 *fill*         0x8101453f        0x1 
 .rodata.str1.4
                0x81014540       0x2b binaries/rfsinit.o
                                 0x2c (size before relaxing)
 *fill*         0x8101456b        0x1 
 .rodata.str1.4
                0x8101456c       0x2a binaries/rfsndmsg.o
                                 0x2c (size before relaxing)
 *fill*         0x81014596        0x2 
 .rodata.str1.4
                0x81014598       0x21 binaries/rfsopen.o
                                 0x24 (size before relaxing)
 *fill*         0x810145b9        0x3 
 .rodata.str1.4
                0x810145bc       0x3d binaries/arp.o
                                 0x40 (size before relaxing)
 *fill*         0x810145f9        0x3 
 .rodata.str1.4
                0x810145fc       0xd3 binaries/dhcp.o
                                 0xd4 (size before relaxing)
 *fill*         0x810146cf        0x1 
 .rodata.str1.4
                0x810146d0       0x26 binaries/dns.o
                                 0x28 (size before relaxing)
 *fill*         0x810146f6        0x2 
 .rodata.str1.4
                0x810146f8       0xca binaries/hexdump.o
                                 0xd8 (size before relaxing)
 *fill*         0x810147c2        0x2 
 .rodata.str1.4
                0x810147c4       0x29 binaries/icmp.o
                                 0x2c (size before relaxing)
 *fill*         0x810147ed        0x3 
 .rodata.str1.4
                0x810147f0       0x52 binaries/ip.o
                                 0x54 (size before relaxing)
 *fill*         0x81014842        0x2 
 .rodata.str1.4
                0x81014844       0x53 binaries/net.o
                                 0x54 (size before relaxing)
 *fill*         0x81014897        0x1 
 .rodata.str1.4
                0x81014898      0x292 binaries/pdump.o
                                0x298 (size before relaxing)
 *fill*         0x81014b2a        0x2 
 .rodata.str1.4
                0x81014b2c      0x150 binaries/tftp.o
                                0x158 (size before relaxing)
 .rodata        0x81014c7c      0x114 binaries/shell.o
                0x81014c7c                cmdtab
 .rodata.str1.4
                0x81014d90      0x2eb binaries/shell.o
                                0x2f8 (size before relaxing)
 *fill*         0x8101507b        0x1 
 .rodata.str1.4
                0x8101507c       0x29 binaries/xsh_argecho.o
                                 0x30 (size before relaxing)
 *fill*         0x810150a5        0x3 
 .rodata.str1.4
                0x810150a8      0x13e binaries/xsh_arp.o
                                0x144 (size before relaxing)
 *fill*         0x810151e6        0x2 
 .rodata.str1.4
                0x810151e8       0x81 binaries/xsh_cat.o
                                 0xd4 (size before relaxing)
 *fill*         0x81015269        0x3 
 .rodata.str1.4
                0x8101526c       0x19 binaries/xsh_clear.o
                                 0x1c (size before relaxing)
 *fill*         0x81015285        0x3 
 .rodata.str1.4
                0x81015288      0x1af binaries/xsh_date.o
                                0x1cc (size before relaxing)
 *fill*         0x81015437        0x1 
 .rodata.str1.4
                0x81015438       0x61 binaries/xsh_devdump.o
                                 0x64 (size before relaxing)
 *fill*         0x81015499        0x3 
 .rodata.str1.4
                0x8101549c        0x8 binaries/xsh_echo.o
                                  0xc (size before relaxing)
 .rodata.str1.4
                0x810154a4       0xe7 binaries/xsh_help.o
                                0x17c (size before relaxing)
 *fill*         0x8101558b        0x1 
 .rodata.str1.4
                0x8101558c       0xc8 binaries/xsh_kill.o
                                0x138 (size before relaxing)
 .rodata.str1.4
                0x81015654      0x150 binaries/xsh_ls.o
                                0x1a4 (size before relaxing)
 .rodata.str1.4
                0x810157a4      0x21e binaries/xsh_memdump.o
                                0x27c (size before relaxing)
 *fill*         0x810159c2        0x2 
 .rodata.str1.4
                0x810159c4      0x1cc binaries/xsh_memstat.o
                                0x234 (size before relaxing)
 .rodata.str1.4
                0x81015b90      0x10f binaries/xsh_netinfo.o
                                0x1cc (size before relaxing)
 *fill*         0x81015c9f        0x1 
 .rodata.str1.4
                0x81015ca0      0x279 binaries/xsh_ns.o
                                0x2a0 (size before relaxing)
 *fill*         0x81015f19        0x3 
 .rodata.str1.4
                0x81015f1c      0x13f binaries/xsh_ping.o
                                0x1b4 (size before relaxing)
 *fill*         0x8101605b        0x1 
 .rodata        0x8101605c       0x20 binaries/xsh_ps.o
 .rodata.str1.4
                0x8101607c      0x11a binaries/xsh_ps.o
                                0x1d4 (size before relaxing)
 *fill*         0x81016196        0x2 
 .rodata.str1.4
                0x81016198       0x5e binaries/xsh_sleep.o
                                 0xf8 (size before relaxing)
 *fill*         0x810161f6        0x2 
 .rodata        0x810161f8        0xc binaries/xsh_udpdump.o
 .rodata.str1.4
                0x81016204      0x112 binaries/xsh_udpdump.o
                                0x1e0 (size before relaxing)
 *fill*         0x81016316        0x2 
 .rodata.str1.4
                0x81016318      0x216 binaries/xsh_udpecho.o
                                0x28c (size before relaxing)
 *fill*         0x8101652e        0x2 
 .rodata.str1.4
                0x81016530       0x97 binaries/xsh_udpserver.o
                                0x13c (size before relaxing)
 *fill*         0x810165c7        0x1 
 .rodata.str1.4
                0x810165c8       0x78 binaries/xsh_uptime.o
                                0x114 (size before relaxing)
                0x81016640                etext = ABSOLUTE (.)
                0x81017000                . = ALIGN (0x1000)
 *fill*         0x81016640      0x9c0 

.glue_7         0x81017000        0x0
 .glue_7        0x00000000        0x0 linker stubs

.glue_7t        0x81017000        0x0
 .glue_7t       0x00000000        0x0 linker stubs

.vfp11_veneer   0x81017000        0x0
 .vfp11_veneer  0x00000000        0x0 linker stubs

.v4_bx          0x81017000        0x0
 .v4_bx         0x00000000        0x0 linker stubs

.iplt           0x81017000        0x0
 .iplt          0x00000000        0x0 binaries/start.o

.rel.dyn        0x81017000        0x0
 .rel.iplt      0x00000000        0x0 binaries/start.o

.data           0x81017000     0x1000
                0x81017000                data = ABSOLUTE (.)
 *(.data .data.*)
 .data          0x81017000        0x0 binaries/start.o
 .data          0x81017000       0x88 binaries/ascdate.o
                0x81017000                Date
 .data          0x81017088        0x0 binaries/bufinit.o
 .data          0x81017088        0x0 binaries/chprio.o
 .data          0x81017088        0x0 binaries/clkhandler.o
 .data          0x81017088        0x0 binaries/clkinit.o
 .data          0x81017088        0x0 binaries/close.o
 .data          0x81017088      0x708 binaries/conf.o
                0x81017088                devtab
 .data          0x81017790        0x0 binaries/control.o
 .data          0x81017790        0x4 binaries/create.o
 .data          0x81017794       0x40 binaries/evec.o
                0x81017794                expmsg2
                0x810177a8                expmsg1
 .data          0x810177d4        0x0 binaries/exit.o
 .data          0x810177d4        0x0 binaries/freebuf.o
 .data          0x810177d4        0x0 binaries/freemem.o
 .data          0x810177d4        0x0 binaries/getbuf.o
 .data          0x810177d4        0x0 binaries/getc.o
 .data          0x810177d4        0x0 binaries/getdev.o
 .data          0x810177d4        0x0 binaries/getitem.o
 .data          0x810177d4        0x0 binaries/getmem.o
 .data          0x810177d4        0x0 binaries/getpid.o
 .data          0x810177d4        0x0 binaries/getprio.o
 .data          0x810177d4        0x0 binaries/getstk.o
 .data          0x810177d4        0x0 binaries/getticks.o
 .data          0x810177d4        0x0 binaries/gettime.o
 .data          0x810177d4        0x0 binaries/getutime.o
 .data          0x810177d4        0x0 binaries/init.o
 .data          0x810177d4        0x0 binaries/initialize.o
 .data          0x810177d4        0x0 binaries/insert.o
 .data          0x810177d4        0x0 binaries/insertd.o
 .data          0x810177d4        0x0 binaries/ioerr.o
 .data          0x810177d4        0x0 binaries/ionull.o
 .data          0x810177d4        0x0 binaries/kill.o
 .data          0x810177d4        0x0 binaries/kprintf.o
 .data          0x810177d4        0x0 binaries/main.o
 .data          0x810177d4        0x0 binaries/mark.o
 .data          0x810177d4        0x0 binaries/meminit.o
 .data          0x810177d4        0x0 binaries/mkbufpool.o
 .data          0x810177d4        0x2 binaries/newqueue.o
 .data          0x810177d6        0x0 binaries/open.o
 .data          0x810177d6        0x0 binaries/panic.o
 .data          0x810177d6        0x0 binaries/platinit.o
 .data          0x810177d6        0x0 binaries/ptclear.o
 .data          0x810177d6        0x0 binaries/ptcount.o
 .data          0x810177d6        0x0 binaries/ptcreate.o
 .data          0x810177d6        0x0 binaries/ptdelete.o
 .data          0x810177d6        0x0 binaries/ptinit.o
 .data          0x810177d6        0x0 binaries/ptrecv.o
 .data          0x810177d6        0x0 binaries/ptreset.o
 .data          0x810177d6        0x0 binaries/ptsend.o
 .data          0x810177d6        0x0 binaries/putc.o
 .data          0x810177d6        0x0 binaries/queue.o
 .data          0x810177d6        0x0 binaries/read.o
 .data          0x810177d6        0x0 binaries/ready.o
 .data          0x810177d6        0x0 binaries/receive.o
 .data          0x810177d6        0x0 binaries/recvclr.o
 .data          0x810177d6        0x0 binaries/recvtime.o
 .data          0x810177d6        0x0 binaries/resched.o
 .data          0x810177d6        0x0 binaries/resume.o
 .data          0x810177d6        0x0 binaries/seek.o
 .data          0x810177d6        0x0 binaries/semcount.o
 .data          0x810177d6        0x0 binaries/semcreate.o
 .data          0x810177d6        0x0 binaries/semdelete.o
 .data          0x810177d6        0x0 binaries/semreset.o
 .data          0x810177d6        0x0 binaries/send.o
 .data          0x810177d6        0x0 binaries/signal.o
 .data          0x810177d6        0x0 binaries/signaln.o
 .data          0x810177d6        0x0 binaries/sleep.o
 .data          0x810177d6        0x0 binaries/suspend.o
 .data          0x810177d6        0x0 binaries/unsleep.o
 .data          0x810177d6        0x0 binaries/userret.o
 .data          0x810177d6        0x0 binaries/wait.o
 .data          0x810177d6        0x0 binaries/wakeup.o
 .data          0x810177d6        0x0 binaries/write.o
 .data          0x810177d6        0x0 binaries/xdone.o
 .data          0x810177d6        0x0 binaries/yield.o
 .data          0x810177d6        0x0 binaries/abs.o
 .data          0x810177d6        0x0 binaries/atoi.o
 .data          0x810177d6        0x0 binaries/atol.o
 .data          0x810177d6        0x0 binaries/bzero.o
 .data          0x810177d6        0x0 binaries/ctype_.o
 .data          0x810177d6        0x0 binaries/doprnt.o
 *fill*         0x810177d6        0x2 
 .data          0x810177d8       0x80 binaries/doscan.o
                0x810177d8                _sctab
 .data          0x81017858        0x0 binaries/fdoprnt.o
 .data          0x81017858        0x0 binaries/fgetc.o
 .data          0x81017858        0x0 binaries/fgets.o
 .data          0x81017858        0x0 binaries/fprintf.o
 .data          0x81017858        0x0 binaries/fputc.o
 .data          0x81017858        0x0 binaries/fputs.o
 .data          0x81017858        0x0 binaries/fscanf.o
 .data          0x81017858        0x0 binaries/getchar.o
 .data          0x81017858        0x0 binaries/labs.o
 .data          0x81017858        0x0 binaries/memcmp.o
 .data          0x81017858        0x0 binaries/memcpy.o
 .data          0x81017858        0x0 binaries/memset.o
 .data          0x81017858        0x0 binaries/printf.o
 .data          0x81017858        0x0 binaries/putchar.o
 .data          0x81017858        0x0 binaries/qsort.o
 .data          0x81017858        0x4 binaries/rand.o
 .data          0x8101785c        0x0 binaries/sprintf.o
 .data          0x8101785c        0x0 binaries/sscanf.o
 .data          0x8101785c        0x0 binaries/strchr.o
 .data          0x8101785c        0x0 binaries/strcmp.o
 .data          0x8101785c        0x0 binaries/strcpy.o
 .data          0x8101785c        0x0 binaries/strlen.o
 .data          0x8101785c        0x0 binaries/strncat.o
 .data          0x8101785c        0x0 binaries/strncmp.o
 .data          0x8101785c        0x0 binaries/strncpy.o
 .data          0x8101785c        0x0 binaries/strnlen.o
 .data          0x8101785c        0x0 binaries/strrchr.o
 .data          0x8101785c        0x0 binaries/strstr.o
 .data          0x8101785c        0x0 binaries/ttycontrol.o
 .data          0x8101785c        0x0 binaries/ttygetc.o
 .data          0x8101785c        0x0 binaries/ttyhandle_in.o
 .data          0x8101785c        0x0 binaries/ttyhandle_out.o
 .data          0x8101785c        0x0 binaries/ttyhandler.o
 .data          0x8101785c        0x0 binaries/ttyinit.o
 .data          0x8101785c        0x0 binaries/ttykickout.o
 .data          0x8101785c        0x0 binaries/ttyputc.o
 .data          0x8101785c        0x0 binaries/ttyread.o
 .data          0x8101785c        0x0 binaries/ttywrite.o
 .data          0x8101785c        0x0 binaries/mount.o
 .data          0x8101785c        0x0 binaries/naminit.o
 .data          0x8101785c        0x0 binaries/nammap.o
 .data          0x8101785c        0x0 binaries/namopen.o
 .data          0x8101785c        0x0 binaries/ethcontrol.o
 .data          0x8101785c        0x0 binaries/ethhandler.o
 .data          0x8101785c        0x0 binaries/ethinit.o
 .data          0x8101785c        0x0 binaries/ethread.o
 .data          0x8101785c        0x0 binaries/ethwrite.o
 .data          0x8101785c        0x0 binaries/rdscomm.o
 .data          0x8101785c        0x0 binaries/rdscontrol.o
 .data          0x8101785c        0x0 binaries/rdsinit.o
 .data          0x8101785c        0x0 binaries/rdsopen.o
 .data          0x8101785c        0x4 binaries/rdsprocess.o
                0x8101785c                go
 .data          0x81017860        0x0 binaries/rdsqfcns.o
 .data          0x81017860        0x0 binaries/rdsread.o
 .data          0x81017860        0x0 binaries/rdssetprio.o
 .data          0x81017860        0x0 binaries/rdswrite.o
 .data          0x81017860        0x0 binaries/ramclose.o
 .data          0x81017860        0x0 binaries/raminit.o
 .data          0x81017860        0x0 binaries/ramopen.o
 .data          0x81017860        0x0 binaries/ramread.o
 .data          0x81017860        0x0 binaries/ramwrite.o
 .data          0x81017860        0x0 binaries/lfdballoc.o
 .data          0x81017860        0x0 binaries/lfdbfree.o
 .data          0x81017860        0x0 binaries/lfflush.o
 .data          0x81017860        0x0 binaries/lfgetmode.o
 .data          0x81017860        0x0 binaries/lfiballoc.o
 .data          0x81017860        0x0 binaries/lfibclear.o
 .data          0x81017860        0x0 binaries/lfibget.o
 .data          0x81017860        0x0 binaries/lfibput.o
 .data          0x81017860        0x0 binaries/lflclose.o
 .data          0x81017860        0x0 binaries/lflcontrol.o
 .data          0x81017860        0x0 binaries/lflgetc.o
 .data          0x81017860        0x0 binaries/lflinit.o
 .data          0x81017860        0x0 binaries/lflputc.o
 .data          0x81017860        0x0 binaries/lflread.o
 .data          0x81017860        0x0 binaries/lflseek.o
 .data          0x81017860        0x0 binaries/lflwrite.o
 .data          0x81017860        0x0 binaries/lfscheck.o
 .data          0x81017860        0x0 binaries/lfsckfmt.o
 .data          0x81017860        0x0 binaries/lfscreate.o
 .data          0x81017860        0x0 binaries/lfsetup.o
 .data          0x81017860        0x0 binaries/lfsinit.o
 .data          0x81017860        0x0 binaries/lfsopen.o
 .data          0x81017860        0x0 binaries/lftruncate.o
 .data          0x81017860        0x0 binaries/rflclose.o
 .data          0x81017860        0x0 binaries/rflgetc.o
 .data          0x81017860        0x0 binaries/rflinit.o
 .data          0x81017860        0x0 binaries/rflputc.o
 .data          0x81017860        0x0 binaries/rflread.o
 .data          0x81017860        0x0 binaries/rflseek.o
 .data          0x81017860        0x0 binaries/rflwrite.o
 .data          0x81017860        0x0 binaries/rfscomm.o
 .data          0x81017860        0x0 binaries/rfscontrol.o
 .data          0x81017860        0x0 binaries/rfsgetmode.o
 .data          0x81017860        0x0 binaries/rfsinit.o
 .data          0x81017860        0x0 binaries/rfsndmsg.o
 .data          0x81017860        0x0 binaries/rfsopen.o
 .data          0x81017860        0x0 binaries/spicontrol.o
 .data          0x81017860        0x0 binaries/spiinit.o
 .data          0x81017860        0x0 binaries/gpiocontrol.o
 .data          0x81017860        0x0 binaries/gpiohandler.o
 .data          0x81017860        0x0 binaries/gpioinit.o
 .data          0x81017860        0x0 binaries/gpioread.o
 .data          0x81017860        0x0 binaries/gpioselect.o
 .data          0x81017860        0x0 binaries/gpiowrite.o
 .data          0x81017860        0x0 binaries/arp.o
 .data          0x81017860        0x0 binaries/dhcp.o
 .data          0x81017860        0x0 binaries/dns.o
 .data          0x81017860        0x0 binaries/dot2ip.o
 .data          0x81017860        0x0 binaries/hexdump.o
 .data          0x81017860        0x4 binaries/icmp.o
 .data          0x81017864        0x0 binaries/ip.o
 .data          0x81017864        0x0 binaries/net.o
 .data          0x81017864        0x0 binaries/pdump.o
 .data          0x81017864        0x0 binaries/tftp.o
 .data          0x81017864        0x4 binaries/udp.o
 .data          0x81017868        0x0 binaries/addargs.o
 .data          0x81017868        0x0 binaries/lexan.o
 .data          0x81017868        0x4 binaries/shell.o
                0x81017868                ncmd
 .data          0x8101786c        0x0 binaries/xsh_argecho.o
 .data          0x8101786c        0x0 binaries/xsh_arp.o
 .data          0x8101786c        0x0 binaries/xsh_cat.o
 .data          0x8101786c        0x0 binaries/xsh_clear.o
 .data          0x8101786c        0x0 binaries/xsh_date.o
 .data          0x8101786c        0x0 binaries/xsh_devdump.o
 .data          0x8101786c        0x0 binaries/xsh_echo.o
 .data          0x8101786c        0x0 binaries/xsh_exit.o
 .data          0x8101786c        0x0 binaries/xsh_help.o
 .data          0x8101786c        0x0 binaries/xsh_kill.o
 .data          0x8101786c        0x0 binaries/xsh_ls.o
 .data          0x8101786c        0x0 binaries/xsh_memdump.o
 .data          0x8101786c        0x0 binaries/xsh_memstat.o
 .data          0x8101786c        0x0 binaries/xsh_netinfo.o
 .data          0x8101786c        0x0 binaries/xsh_ns.o
 .data          0x8101786c        0x0 binaries/xsh_ping.o
 .data          0x8101786c        0x0 binaries/xsh_ps.o
 .data          0x8101786c        0x0 binaries/xsh_sleep.o
 .data          0x8101786c        0x0 binaries/xsh_udpdump.o
 .data          0x8101786c        0x0 binaries/xsh_udpecho.o
 .data          0x8101786c        0x0 binaries/xsh_udpserver.o
 .data          0x8101786c        0x0 binaries/xsh_uptime.o
 .data          0x8101786c        0x0 binaries/ctxsw.o
 .data          0x8101786c        0x0 binaries/intr.o
 .data          0x8101786c        0x0 ../cross_compiler/lib/gcc/arm-none-eabi/4.8.1//libgcc.a(_udivsi3.o)
 .data          0x8101786c        0x0 ../cross_compiler/lib/gcc/arm-none-eabi/4.8.1//libgcc.a(_divsi3.o)
 .data          0x8101786c        0x0 ../cross_compiler/lib/gcc/arm-none-eabi/4.8.1//libgcc.a(_dvmd_tls.o)
 .data          0x8101786c        0x0 ../cross_compiler/lib/gcc/arm-none-eabi/4.8.1//libgcc.a(_arm_muldivdf3.o)
 .data          0x8101786c        0x0 ../cross_compiler/lib/gcc/arm-none-eabi/4.8.1//libgcc.a(_arm_cmpdf2.o)
 .data          0x8101786c        0x0 ../cross_compiler/lib/gcc/arm-none-eabi/4.8.1//libgcc.a(_arm_fixdfsi.o)
                0x8101786c                edata = ABSOLUTE (.)
                0x81018000                . = ALIGN (0x1000)
 *fill*         0x8101786c      0x794 

.igot.plt       0x81018000        0x0
 .igot.plt      0x00000000        0x0 binaries/start.o

.bss            0x81018000    0x23000
                0x81018000                bss = ABSOLUTE (.)
 *(.bss .bss.*)
 .bss           0x81018000        0x0 binaries/start.o
 .bss           0x81018000        0x0 binaries/ascdate.o
 .bss           0x81018000        0x0 binaries/bufinit.o
 .bss           0x81018000        0x0 binaries/chprio.o
 .bss           0x81018000        0x0 binaries/clkhandler.o
 .bss           0x81018000        0x0 binaries/clkinit.o
 .bss           0x81018000        0x0 binaries/close.o
 .bss           0x81018000        0x0 binaries/conf.o
 .bss           0x81018000        0x0 binaries/control.o
 .bss           0x81018000        0x0 binaries/create.o
 .bss           0x81018000        0x0 binaries/evec.o
 .bss           0x81018000        0x0 binaries/exit.o
 .bss           0x81018000        0x0 binaries/freebuf.o
 .bss           0x81018000        0x0 binaries/freemem.o
 .bss           0x81018000        0x0 binaries/getbuf.o
 .bss           0x81018000        0x0 binaries/getc.o
 .bss           0x81018000        0x0 binaries/getdev.o
 .bss           0x81018000        0x0 binaries/getitem.o
 .bss           0x81018000        0x0 binaries/getmem.o
 .bss           0x81018000        0x0 binaries/getpid.o
 .bss           0x81018000        0x0 binaries/getprio.o
 .bss           0x81018000        0x0 binaries/getstk.o
 .bss           0x81018000        0x0 binaries/getticks.o
 .bss           0x81018000        0x0 binaries/gettime.o
 .bss           0x81018000        0x0 binaries/getutime.o
 .bss           0x81018000        0x0 binaries/init.o
 .bss           0x81018000        0x0 binaries/initialize.o
 .bss           0x81018000        0x0 binaries/insert.o
 .bss           0x81018000        0x0 binaries/insertd.o
 .bss           0x81018000        0x0 binaries/ioerr.o
 .bss           0x81018000        0x0 binaries/ionull.o
 .bss           0x81018000        0x0 binaries/kill.o
 .bss           0x81018000        0x0 binaries/kprintf.o
 .bss           0x81018000        0x4 binaries/main.o
                0x81018000                total
 .bss           0x81018004        0x0 binaries/mark.o
 .bss           0x81018004        0x0 binaries/meminit.o
 .bss           0x81018004        0x0 binaries/mkbufpool.o
 .bss           0x81018004        0x0 binaries/newqueue.o
 .bss           0x81018004        0x0 binaries/open.o
 .bss           0x81018004        0x0 binaries/panic.o
 .bss           0x81018004        0x0 binaries/platinit.o
 .bss           0x81018004        0x0 binaries/ptclear.o
 .bss           0x81018004        0x0 binaries/ptcount.o
 .bss           0x81018004        0x0 binaries/ptcreate.o
 .bss           0x81018004        0x0 binaries/ptdelete.o
 .bss           0x81018004        0x0 binaries/ptinit.o
 .bss           0x81018004        0x0 binaries/ptrecv.o
 .bss           0x81018004        0x0 binaries/ptreset.o
 .bss           0x81018004        0x0 binaries/ptsend.o
 .bss           0x81018004        0x0 binaries/putc.o
 .bss           0x81018004        0x0 binaries/queue.o
 .bss           0x81018004        0x0 binaries/read.o
 .bss           0x81018004        0x0 binaries/ready.o
 .bss           0x81018004        0x0 binaries/receive.o
 .bss           0x81018004        0x0 binaries/recvclr.o
 .bss           0x81018004        0x0 binaries/recvtime.o
 .bss           0x81018004        0x0 binaries/resched.o
 .bss           0x81018004        0x0 binaries/resume.o
 .bss           0x81018004        0x0 binaries/seek.o
 .bss           0x81018004        0x0 binaries/semcount.o
 .bss           0x81018004        0x4 binaries/semcreate.o
 .bss           0x81018008        0x0 binaries/semdelete.o
 .bss           0x81018008        0x0 binaries/semreset.o
 .bss           0x81018008        0x0 binaries/send.o
 .bss           0x81018008        0x0 binaries/signal.o
 .bss           0x81018008        0x0 binaries/signaln.o
 .bss           0x81018008        0x0 binaries/sleep.o
 .bss           0x81018008        0x0 binaries/suspend.o
 .bss           0x81018008        0x0 binaries/unsleep.o
 .bss           0x81018008        0x0 binaries/userret.o
 .bss           0x81018008        0x0 binaries/wait.o
 .bss           0x81018008        0x0 binaries/wakeup.o
 .bss           0x81018008        0x0 binaries/write.o
 .bss           0x81018008        0x0 binaries/xdone.o
 .bss           0x81018008        0x0 binaries/yield.o
 .bss           0x81018008        0x0 binaries/abs.o
 .bss           0x81018008        0x0 binaries/atoi.o
 .bss           0x81018008        0x0 binaries/atol.o
 .bss           0x81018008        0x0 binaries/bzero.o
 .bss           0x81018008        0x0 binaries/ctype_.o
 .bss           0x81018008        0x0 binaries/doprnt.o
 .bss           0x81018008        0x0 binaries/doscan.o
 .bss           0x81018008        0x0 binaries/fdoprnt.o
 .bss           0x81018008        0x0 binaries/fgetc.o
 .bss           0x81018008        0x0 binaries/fgets.o
 .bss           0x81018008        0x0 binaries/fprintf.o
 .bss           0x81018008        0x0 binaries/fputc.o
 .bss           0x81018008        0x0 binaries/fputs.o
 .bss           0x81018008        0x0 binaries/fscanf.o
 .bss           0x81018008        0x0 binaries/getchar.o
 .bss           0x81018008        0x0 binaries/labs.o
 .bss           0x81018008        0x0 binaries/memcmp.o
 .bss           0x81018008        0x0 binaries/memcpy.o
 .bss           0x81018008        0x0 binaries/memset.o
 .bss           0x81018008        0x0 binaries/printf.o
 .bss           0x81018008        0x0 binaries/putchar.o
 .bss           0x81018008        0x8 binaries/qsort.o
 .bss           0x81018010        0x0 binaries/rand.o
 .bss           0x81018010        0x0 binaries/sprintf.o
 .bss           0x81018010        0x0 binaries/sscanf.o
 .bss           0x81018010        0x0 binaries/strchr.o
 .bss           0x81018010        0x0 binaries/strcmp.o
 .bss           0x81018010        0x0 binaries/strcpy.o
 .bss           0x81018010        0x0 binaries/strlen.o
 .bss           0x81018010        0x0 binaries/strncat.o
 .bss           0x81018010        0x0 binaries/strncmp.o
 .bss           0x81018010        0x0 binaries/strncpy.o
 .bss           0x81018010        0x0 binaries/strnlen.o
 .bss           0x81018010        0x0 binaries/strrchr.o
 .bss           0x81018010        0x0 binaries/strstr.o
 .bss           0x81018010        0x0 binaries/ttycontrol.o
 .bss           0x81018010        0x0 binaries/ttygetc.o
 .bss           0x81018010        0x0 binaries/ttyhandle_in.o
 .bss           0x81018010        0x0 binaries/ttyhandle_out.o
 .bss           0x81018010        0x0 binaries/ttyhandler.o
 .bss           0x81018010        0x0 binaries/ttyinit.o
 .bss           0x81018010        0x0 binaries/ttykickout.o
 .bss           0x81018010        0x0 binaries/ttyputc.o
 .bss           0x81018010        0x0 binaries/ttyread.o
 .bss           0x81018010        0x0 binaries/ttywrite.o
 .bss           0x81018010        0x0 binaries/mount.o
 .bss           0x81018010        0x0 binaries/naminit.o
 .bss           0x81018010        0x0 binaries/nammap.o
 .bss           0x81018010        0x0 binaries/namopen.o
 .bss           0x81018010        0x0 binaries/ethcontrol.o
 .bss           0x81018010        0x0 binaries/ethhandler.o
 .bss           0x81018010        0x0 binaries/ethinit.o
 .bss           0x81018010        0x0 binaries/ethread.o
 .bss           0x81018010        0x0 binaries/ethwrite.o
 .bss           0x81018010        0x0 binaries/rdscomm.o
 .bss           0x81018010        0x0 binaries/rdscontrol.o
 .bss           0x81018010        0x0 binaries/rdsinit.o
 .bss           0x81018010        0x0 binaries/rdsopen.o
 .bss           0x81018010        0x0 binaries/rdsprocess.o
 .bss           0x81018010        0x0 binaries/rdsqfcns.o
 .bss           0x81018010        0x0 binaries/rdsread.o
 .bss           0x81018010        0x0 binaries/rdssetprio.o
 .bss           0x81018010        0x0 binaries/rdswrite.o
 .bss           0x81018010        0x0 binaries/ramclose.o
 .bss           0x81018010        0x0 binaries/raminit.o
 .bss           0x81018010        0x0 binaries/ramopen.o
 .bss           0x81018010        0x0 binaries/ramread.o
 .bss           0x81018010        0x0 binaries/ramwrite.o
 .bss           0x81018010        0x0 binaries/lfdballoc.o
 .bss           0x81018010        0x0 binaries/lfdbfree.o
 .bss           0x81018010        0x0 binaries/lfflush.o
 .bss           0x81018010        0x0 binaries/lfgetmode.o
 .bss           0x81018010        0x0 binaries/lfiballoc.o
 .bss           0x81018010        0x0 binaries/lfibclear.o
 .bss           0x81018010        0x0 binaries/lfibget.o
 .bss           0x81018010        0x0 binaries/lfibput.o
 .bss           0x81018010        0x0 binaries/lflclose.o
 .bss           0x81018010        0x0 binaries/lflcontrol.o
 .bss           0x81018010        0x0 binaries/lflgetc.o
 .bss           0x81018010        0x0 binaries/lflinit.o
 .bss           0x81018010        0x0 binaries/lflputc.o
 .bss           0x81018010        0x0 binaries/lflread.o
 .bss           0x81018010        0x0 binaries/lflseek.o
 .bss           0x81018010        0x0 binaries/lflwrite.o
 .bss           0x81018010        0x0 binaries/lfscheck.o
 .bss           0x81018010        0x0 binaries/lfsckfmt.o
 .bss           0x81018010        0x0 binaries/lfscreate.o
 .bss           0x81018010        0x0 binaries/lfsetup.o
 .bss           0x81018010        0x0 binaries/lfsinit.o
 .bss           0x81018010        0x0 binaries/lfsopen.o
 .bss           0x81018010        0x0 binaries/lftruncate.o
 .bss           0x81018010        0x0 binaries/rflclose.o
 .bss           0x81018010        0x0 binaries/rflgetc.o
 .bss           0x81018010        0x0 binaries/rflinit.o
 .bss           0x81018010        0x0 binaries/rflputc.o
 .bss           0x81018010        0x0 binaries/rflread.o
 .bss           0x81018010        0x0 binaries/rflseek.o
 .bss           0x81018010        0x0 binaries/rflwrite.o
 .bss           0x81018010        0x0 binaries/rfscomm.o
 .bss           0x81018010        0x0 binaries/rfscontrol.o
 .bss           0x81018010        0x0 binaries/rfsgetmode.o
 .bss           0x81018010        0x0 binaries/rfsinit.o
 .bss           0x81018010        0x0 binaries/rfsndmsg.o
 .bss           0x81018010        0x0 binaries/rfsopen.o
 .bss           0x81018010        0x0 binaries/spicontrol.o
 .bss           0x81018010        0x0 binaries/spiinit.o
 .bss           0x81018010        0x0 binaries/gpiocontrol.o
 .bss           0x81018010        0x0 binaries/gpiohandler.o
 .bss           0x81018010        0x0 binaries/gpioinit.o
 .bss           0x81018010        0x0 binaries/gpioread.o
 .bss           0x81018010        0x0 binaries/gpioselect.o
 .bss           0x81018010        0x0 binaries/gpiowrite.o
 .bss           0x81018010        0x0 binaries/arp.o
 .bss           0x81018010        0x0 binaries/dhcp.o
 .bss           0x81018010        0x0 binaries/dns.o
 .bss           0x81018010        0x0 binaries/dot2ip.o
 .bss           0x81018010        0x0 binaries/hexdump.o
 .bss           0x81018010        0x0 binaries/icmp.o
 .bss           0x81018010        0x0 binaries/ip.o
 .bss           0x81018010        0x0 binaries/net.o
 .bss           0x81018010        0x0 binaries/pdump.o
 .bss           0x81018010        0x0 binaries/tftp.o
 .bss           0x81018010        0x0 binaries/udp.o
 .bss           0x81018010        0x0 binaries/addargs.o
 .bss           0x81018010        0x0 binaries/lexan.o
 .bss           0x81018010        0x0 binaries/shell.o
 .bss           0x81018010        0x0 binaries/xsh_argecho.o
 .bss           0x81018010        0x0 binaries/xsh_arp.o
 .bss           0x81018010        0x0 binaries/xsh_cat.o
 .bss           0x81018010        0x0 binaries/xsh_clear.o
 .bss           0x81018010        0x0 binaries/xsh_date.o
 .bss           0x81018010        0x0 binaries/xsh_devdump.o
 .bss           0x81018010        0x0 binaries/xsh_echo.o
 .bss           0x81018010        0x0 binaries/xsh_exit.o
 .bss           0x81018010        0x0 binaries/xsh_help.o
 .bss           0x81018010        0x0 binaries/xsh_kill.o
 .bss           0x81018010        0x0 binaries/xsh_ls.o
 .bss           0x81018010        0x0 binaries/xsh_memdump.o
 .bss           0x81018010        0x0 binaries/xsh_memstat.o
 .bss           0x81018010        0x0 binaries/xsh_netinfo.o
 .bss           0x81018010        0x0 binaries/xsh_ns.o
 .bss           0x81018010        0x4 binaries/xsh_ping.o
 .bss           0x81018014        0x0 binaries/xsh_ps.o
 .bss           0x81018014        0x0 binaries/xsh_sleep.o
 .bss           0x81018014        0x0 binaries/xsh_udpdump.o
 .bss           0x81018014        0x0 binaries/xsh_udpecho.o
 .bss           0x81018014        0x0 binaries/xsh_udpserver.o
 .bss           0x81018014        0x0 binaries/xsh_uptime.o
 .bss           0x81018014        0x0 binaries/ctxsw.o
 .bss           0x81018014        0x0 binaries/intr.o
 .bss           0x81018014        0x0 ../cross_compiler/lib/gcc/arm-none-eabi/4.8.1//libgcc.a(_udivsi3.o)
 .bss           0x81018014        0x0 ../cross_compiler/lib/gcc/arm-none-eabi/4.8.1//libgcc.a(_divsi3.o)
 .bss           0x81018014        0x0 ../cross_compiler/lib/gcc/arm-none-eabi/4.8.1//libgcc.a(_dvmd_tls.o)
 .bss           0x81018014        0x0 ../cross_compiler/lib/gcc/arm-none-eabi/4.8.1//libgcc.a(_arm_muldivdf3.o)
 .bss           0x81018014        0x0 ../cross_compiler/lib/gcc/arm-none-eabi/4.8.1//libgcc.a(_arm_cmpdf2.o)
 .bss           0x81018014        0x0 ../cross_compiler/lib/gcc/arm-none-eabi/4.8.1//libgcc.a(_arm_fixdfsi.o)
 *(COMMON)
 COMMON         0x81018014       0xf4 binaries/bufinit.o
                0x81018014                buftab
                0x81018104                nbpools
 COMMON         0x81018108       0x10 binaries/clkinit.o
                0x81018108                sleepq
                0x8101810c                preempt
                0x81018110                count1000
                0x81018114                clktime
 COMMON         0x81018118      0x200 binaries/evec.o
                0x81018118                intc_vector
 COMMON         0x81018318     0x1aa0 binaries/initialize.o
                0x81018318                currpid
                0x8101831c                proctab
                0x810198fc                prcount
                0x81019900                semtab
                0x81019db0                memlist
 COMMON         0x81019db8       0x14 binaries/main.o
                0x81019db8                t3
                0x81019dbc                t2
                0x81019dc0                semid
                0x81019dc4                nprocesses
                0x81019dc8                t1
 COMMON         0x81019dcc       0x58 binaries/mark.o
                0x81019dcc                marks
                0x81019e1c                nmarks
                0x81019e20                mkmutex
 COMMON         0x81019e24        0x8 binaries/meminit.o
                0x81019e24                minheap
                0x81019e28                maxheap
 COMMON         0x81019e2c      0x2d8 binaries/ptinit.o
                0x81019e2c                porttab
                0x8101a0fc                ptnextid
                0x8101a100                ptfree
 COMMON         0x8101a104      0x980 binaries/queue.o
                0x8101a104                queuetab
 COMMON         0x8101aa84        0x2 binaries/ready.o
                0x8101aa84                readylist
 *fill*         0x8101aa86        0x2 
 COMMON         0x8101aa88        0x8 binaries/resched.o
                0x8101aa88                Defer
 COMMON         0x8101aa90      0x110 binaries/ttyinit.o
                0x8101aa90                ttytab
 COMMON         0x8101aba0     0x5204 binaries/naminit.o
                0x8101aba0                nnames
                0x8101aba4                nametab
 COMMON         0x8101fda4      0x154 binaries/ethinit.o
                0x8101fda4                eth_a_regs
                0x8101fdc0                ethertab
 COMMON         0x8101fef8       0x7c binaries/rdsinit.o
                0x8101fef8                rdstab
 COMMON         0x8101ff74    0x19000 binaries/raminit.o
                0x8101ff74                Ram
 COMMON         0x81038f74      0xf00 binaries/lflinit.o
                0x81038f74                lfltab
 COMMON         0x81039e74      0x20c binaries/lfsinit.o
                0x81039e74                Lf_data
 COMMON         0x8103a080      0x5a0 binaries/rflinit.o
                0x8103a080                rfltab
 COMMON         0x8103a620       0x18 binaries/rfsinit.o
                0x8103a620                Rf_data
 COMMON         0x8103a638       0x10 binaries/gpioinit.o
                0x8103a638                gpiotab
 COMMON         0x8103a648      0x140 binaries/arp.o
                0x8103a648                arpcache
 COMMON         0x8103a788      0x230 binaries/icmp.o
                0x8103a788                icmptab
 COMMON         0x8103a9b8       0x2c binaries/ip.o
                0x8103a9b8                ipoqueue
 COMMON         0x8103a9e4       0xb8 binaries/net.o
                0x8103a9e4                netbufpool
                0x8103a9e8                netportseed
                0x8103a9ec                NetData
 COMMON         0x8103aa9c      0x168 binaries/udp.o
                0x8103aa9c                udptab
                0x8103ac04                ebss = ABSOLUTE (.)
                0x8103b000                . = ALIGN (0x1000)
 *fill*         0x8103ac04      0x3fc 
 */()
                0x8103b000                end = ABSOLUTE (.)
                0x8103b000                _end = ABSOLUTE (.)
                0x8103b000                . = ALIGN (0x1000)
LOAD binaries/start.o
LOAD binaries/ascdate.o
LOAD binaries/bufinit.o
LOAD binaries/chprio.o
LOAD binaries/clkhandler.o
LOAD binaries/clkinit.o
LOAD binaries/close.o
LOAD binaries/conf.o
LOAD binaries/control.o
LOAD binaries/create.o
LOAD binaries/evec.o
LOAD binaries/exit.o
LOAD binaries/freebuf.o
LOAD binaries/freemem.o
LOAD binaries/getbuf.o
LOAD binaries/getc.o
LOAD binaries/getdev.o
LOAD binaries/getitem.o
LOAD binaries/getmem.o
LOAD binaries/getpid.o
LOAD binaries/getprio.o
LOAD binaries/getstk.o
LOAD binaries/getticks.o
LOAD binaries/gettime.o
LOAD binaries/getutime.o
LOAD binaries/init.o
LOAD binaries/initialize.o
LOAD binaries/insert.o
LOAD binaries/insertd.o
LOAD binaries/ioerr.o
LOAD binaries/ionull.o
LOAD binaries/kill.o
LOAD binaries/kprintf.o
LOAD binaries/main.o
LOAD binaries/mark.o
LOAD binaries/meminit.o
LOAD binaries/mkbufpool.o
LOAD binaries/newqueue.o
LOAD binaries/open.o
LOAD binaries/panic.o
LOAD binaries/platinit.o
LOAD binaries/ptclear.o
LOAD binaries/ptcount.o
LOAD binaries/ptcreate.o
LOAD binaries/ptdelete.o
LOAD binaries/ptinit.o
LOAD binaries/ptrecv.o
LOAD binaries/ptreset.o
LOAD binaries/ptsend.o
LOAD binaries/putc.o
LOAD binaries/queue.o
LOAD binaries/read.o
LOAD binaries/ready.o
LOAD binaries/receive.o
LOAD binaries/recvclr.o
LOAD binaries/recvtime.o
LOAD binaries/resched.o
LOAD binaries/resume.o
LOAD binaries/seek.o
LOAD binaries/semcount.o
LOAD binaries/semcreate.o
LOAD binaries/semdelete.o
LOAD binaries/semreset.o
LOAD binaries/send.o
LOAD binaries/signal.o
LOAD binaries/signaln.o
LOAD binaries/sleep.o
LOAD binaries/suspend.o
LOAD binaries/unsleep.o
LOAD binaries/userret.o
LOAD binaries/wait.o
LOAD binaries/wakeup.o
LOAD binaries/write.o
LOAD binaries/xdone.o
LOAD binaries/yield.o
LOAD binaries/abs.o
LOAD binaries/atoi.o
LOAD binaries/atol.o
LOAD binaries/bzero.o
LOAD binaries/ctype_.o
LOAD binaries/doprnt.o
LOAD binaries/doscan.o
LOAD binaries/fdoprnt.o
LOAD binaries/fgetc.o
LOAD binaries/fgets.o
LOAD binaries/fprintf.o
LOAD binaries/fputc.o
[...]
 .ARM.attributes
                0x00001d56       0x35 binaries/ramwrite.o
 .ARM.attributes
                0x00001d8b       0x35 binaries/lfdballoc.o
 .ARM.attributes
                0x00001dc0       0x35 binaries/lfdbfree.o
 .ARM.attributes
                0x00001df5       0x35 binaries/lfflush.o
 .ARM.attributes
                0x00001e2a       0x35 binaries/lfgetmode.o
 .ARM.attributes
                0x00001e5f       0x35 binaries/lfiballoc.o
 .ARM.attributes
                0x00001e94       0x35 binaries/lfibclear.o
 .ARM.attributes
                0x00001ec9       0x35 binaries/lfibget.o
 .ARM.attributes
                0x00001efe       0x35 binaries/lfibput.o
 .ARM.attributes
                0x00001f33       0x35 binaries/lflclose.o
 .ARM.attributes
                0x00001f68       0x35 binaries/lflcontrol.o
 .ARM.attributes
                0x00001f9d       0x35 binaries/lflgetc.o
 .ARM.attributes
                0x00001fd2       0x35 binaries/lflinit.o
 .ARM.attributes
                0x00002007       0x35 binaries/lflputc.o
 .ARM.attributes
                0x0000203c       0x35 binaries/lflread.o
 .ARM.attributes
                0x00002071       0x35 binaries/lflseek.o
 .ARM.attributes
                0x000020a6       0x35 binaries/lflwrite.o
 .ARM.attributes
                0x000020db       0x35 binaries/lfscheck.o
 .ARM.attributes
                0x00002110       0x35 binaries/lfsckfmt.o
 .ARM.attributes
                0x00002145       0x35 binaries/lfscreate.o
 .ARM.attributes
                0x0000217a       0x35 binaries/lfsetup.o
 .ARM.attributes
                0x000021af       0x35 binaries/lfsinit.o
 .ARM.attributes
                0x000021e4       0x35 binaries/lfsopen.o
 .ARM.attributes
                0x00002219       0x35 binaries/lftruncate.o
 .ARM.attributes
                0x0000224e       0x35 binaries/rflclose.o
 .ARM.attributes
                0x00002283       0x35 binaries/rflgetc.o
 .ARM.attributes
                0x000022b8       0x35 binaries/rflinit.o
 .ARM.attributes
                0x000022ed       0x35 binaries/rflputc.o
 .ARM.attributes
                0x00002322       0x35 binaries/rflread.o
 .ARM.attributes
                0x00002357       0x35 binaries/rflseek.o
 .ARM.attributes
                0x0000238c       0x35 binaries/rflwrite.o
 .ARM.attributes
                0x000023c1       0x35 binaries/rfscomm.o
 .ARM.attributes
                0x000023f6       0x35 binaries/rfscontrol.o
 .ARM.attributes
                0x0000242b       0x35 binaries/rfsgetmode.o
 .ARM.attributes
                0x00002460       0x35 binaries/rfsinit.o
 .ARM.attributes
                0x00002495       0x35 binaries/rfsndmsg.o
 .ARM.attributes
                0x000024ca       0x35 binaries/rfsopen.o
 .ARM.attributes
                0x000024ff       0x35 binaries/spicontrol.o
 .ARM.attributes
                0x00002534       0x35 binaries/spiinit.o
 .ARM.attributes
                0x00002569       0x35 binaries/gpiocontrol.o
 .ARM.attributes
                0x0000259e       0x35 binaries/gpiohandler.o
 .ARM.attributes
                0x000025d3       0x35 binaries/gpioinit.o
 .ARM.attributes
                0x00002608       0x35 binaries/gpioread.o
 .ARM.attributes
                0x0000263d       0x35 binaries/gpioselect.o
 .ARM.attributes
                0x00002672       0x35 binaries/gpiowrite.o
 .ARM.attributes
                0x000026a7       0x35 binaries/arp.o
 .ARM.attributes
                0x000026dc       0x35 binaries/dhcp.o
 .ARM.attributes
                0x00002711       0x35 binaries/dns.o
 .ARM.attributes
                0x00002746       0x35 binaries/dot2ip.o
 .ARM.attributes
                0x0000277b       0x35 binaries/hexdump.o
 .ARM.attributes
                0x000027b0       0x35 binaries/icmp.o
 .ARM.attributes
                0x000027e5       0x35 binaries/ip.o
 .ARM.attributes
                0x0000281a       0x35 binaries/net.o
 .ARM.attributes
                0x0000284f       0x35 binaries/pdump.o
 .ARM.attributes
                0x00002884       0x35 binaries/tftp.o
 .ARM.attributes
                0x000028b9       0x35 binaries/udp.o
 .ARM.attributes
                0x000028ee       0x35 binaries/addargs.o
 .ARM.attributes
                0x00002923       0x35 binaries/lexan.o
 .ARM.attributes
                0x00002958       0x35 binaries/shell.o
 .ARM.attributes
                0x0000298d       0x35 binaries/xsh_argecho.o
 .ARM.attributes
                0x000029c2       0x35 binaries/xsh_arp.o
 .ARM.attributes
                0x000029f7       0x35 binaries/xsh_cat.o
 .ARM.attributes
                0x00002a2c       0x35 binaries/xsh_clear.o
 .ARM.attributes
                0x00002a61       0x35 binaries/xsh_date.o
 .ARM.attributes
                0x00002a96       0x35 binaries/xsh_devdump.o
 .ARM.attributes
                0x00002acb       0x35 binaries/xsh_echo.o
 .ARM.attributes
                0x00002b00       0x35 binaries/xsh_exit.o
 .ARM.attributes
                0x00002b35       0x35 binaries/xsh_help.o
 .ARM.attributes
                0x00002b6a       0x35 binaries/xsh_kill.o
 .ARM.attributes
                0x00002b9f       0x35 binaries/xsh_ls.o
 .ARM.attributes
                0x00002bd4       0x35 binaries/xsh_memdump.o
 .ARM.attributes
                0x00002c09       0x35 binaries/xsh_memstat.o
 .ARM.attributes
                0x00002c3e       0x35 binaries/xsh_netinfo.o
 .ARM.attributes
                0x00002c73       0x35 binaries/xsh_ns.o
 .ARM.attributes
                0x00002ca8       0x35 binaries/xsh_ping.o
 .ARM.attributes
                0x00002cdd       0x35 binaries/xsh_ps.o
 .ARM.attributes
                0x00002d12       0x35 binaries/xsh_sleep.o
 .ARM.attributes
                0x00002d47       0x35 binaries/xsh_udpdump.o
 .ARM.attributes
                0x00002d7c       0x35 binaries/xsh_udpecho.o
 .ARM.attributes
                0x00002db1       0x35 binaries/xsh_udpserver.o
 .ARM.attributes
                0x00002de6       0x35 binaries/xsh_uptime.o
 .ARM.attributes
                0x00002e1b       0x25 binaries/ctxsw.o
 .ARM.attributes
                0x00002e40       0x25 binaries/intr.o
 .ARM.attributes
                0x00002e65       0x18 ../cross_compiler/lib/gcc/arm-none-eabi/4.8.1//libgcc.a(_udivsi3.o)
 .ARM.attributes
                0x00002e7d       0x18 ../cross_compiler/lib/gcc/arm-none-eabi/4.8.1//libgcc.a(_divsi3.o)
 .ARM.attributes
                0x00002e95       0x18 ../cross_compiler/lib/gcc/arm-none-eabi/4.8.1//libgcc.a(_dvmd_tls.o)
 .ARM.attributes
                0x00002ead       0x18 ../cross_compiler/lib/gcc/arm-none-eabi/4.8.1//libgcc.a(_arm_muldivdf3.o)
 .ARM.attributes
                0x00002ec5       0x18 ../cross_compiler/lib/gcc/arm-none-eabi/4.8.1//libgcc.a(_arm_cmpdf2.o)
 .ARM.attributes
                0x00002edd       0x18 ../cross_compiler/lib/gcc/arm-none-eabi/4.8.1//libgcc.a(_arm_fixdfsi.o)

.comment        0x00000000       0x30
 .comment       0x00000000       0x30 binaries/ascdate.o
                                 0x31 (size before relaxing)
 .comment       0x00000000       0x31 binaries/bufinit.o
 .comment       0x00000000       0x31 binaries/chprio.o
 .comment       0x00000000       0x31 binaries/clkhandler.o
 .comment       0x00000000       0x31 binaries/clkinit.o
 .comment       0x00000000       0x31 binaries/close.o
 .comment       0x00000000       0x31 binaries/conf.o
 .comment       0x00000000       0x31 binaries/control.o
 .comment       0x00000000       0x31 binaries/create.o
 .comment       0x00000000       0x31 binaries/evec.o
 .comment       0x00000000       0x31 binaries/exit.o
 .comment       0x00000000       0x31 binaries/freebuf.o
 .comment       0x00000000       0x31 binaries/freemem.o
 .comment       0x00000000       0x31 binaries/getbuf.o
 .comment       0x00000000       0x31 binaries/getc.o
 .comment       0x00000000       0x31 binaries/getdev.o
 .comment       0x00000000       0x31 binaries/getitem.o
 .comment       0x00000000       0x31 binaries/getmem.o
 .comment       0x00000000       0x31 binaries/getpid.o
 .comment       0x00000000       0x31 binaries/getprio.o
 .comment       0x00000000       0x31 binaries/getstk.o
 .comment       0x00000000       0x31 binaries/getticks.o
 .comment       0x00000000       0x31 binaries/gettime.o
 .comment       0x00000000       0x31 binaries/getutime.o
 .comment       0x00000000       0x31 binaries/init.o
 .comment       0x00000000       0x31 binaries/initialize.o
 .comment       0x00000000       0x31 binaries/insert.o
 .comment       0x00000000       0x31 binaries/insertd.o
 .comment       0x00000000       0x31 binaries/ioerr.o
 .comment       0x00000000       0x31 binaries/ionull.o
 .comment       0x00000000       0x31 binaries/kill.o
 .comment       0x00000000       0x31 binaries/kprintf.o
 .comment       0x00000000       0x31 binaries/main.o
 .comment       0x00000000       0x31 binaries/mark.o
 .comment       0x00000000       0x31 binaries/meminit.o
 .comment       0x00000000       0x31 binaries/mkbufpool.o
 .comment       0x00000000       0x31 binaries/newqueue.o
 .comment       0x00000000       0x31 binaries/open.o
 .comment       0x00000000       0x31 binaries/panic.o
 .comment       0x00000000       0x31 binaries/platinit.o
 .comment       0x00000000       0x31 binaries/ptclear.o
 .comment       0x00000000       0x31 binaries/ptcount.o
 .comment       0x00000000       0x31 binaries/ptcreate.o
 .comment       0x00000000       0x31 binaries/ptdelete.o
 .comment       0x00000000       0x31 binaries/ptinit.o
 .comment       0x00000000       0x31 binaries/ptrecv.o
 .comment       0x00000000       0x31 binaries/ptreset.o
 .comment       0x00000000       0x31 binaries/ptsend.o
 .comment       0x00000000       0x31 binaries/putc.o
 .comment       0x00000000       0x31 binaries/queue.o
 .comment       0x00000000       0x31 binaries/read.o
 .comment       0x00000000       0x31 binaries/ready.o
 .comment       0x00000000       0x31 binaries/receive.o
 .comment       0x00000000       0x31 binaries/recvclr.o
 .comment       0x00000000       0x31 binaries/recvtime.o
 .comment       0x00000000       0x31 binaries/resched.o
 .comment       0x00000000       0x31 binaries/resume.o
 .comment       0x00000000       0x31 binaries/seek.o
 .comment       0x00000000       0x31 binaries/semcount.o
 .comment       0x00000000       0x31 binaries/semcreate.o
 .comment       0x00000000       0x31 binaries/semdelete.o
 .comment       0x00000000       0x31 binaries/semreset.o
 .comment       0x00000000       0x31 binaries/send.o
 .comment       0x00000000       0x31 binaries/signal.o
 .comment       0x00000000       0x31 binaries/signaln.o
 .comment       0x00000000       0x31 binaries/sleep.o
 .comment       0x00000000       0x31 binaries/suspend.o
 .comment       0x00000000       0x31 binaries/unsleep.o
 .comment       0x00000000       0x31 binaries/userret.o
 .comment       0x00000000       0x31 binaries/wait.o
 .comment       0x00000000       0x31 binaries/wakeup.o
 .comment       0x00000000       0x31 binaries/write.o
 .comment       0x00000000       0x31 binaries/xdone.o
 .comment       0x00000000       0x31 binaries/yield.o
 .comment       0x00000000       0x31 binaries/abs.o
 .comment       0x00000000       0x31 binaries/atoi.o
 .comment       0x00000000       0x31 binaries/atol.o
 .comment       0x00000000       0x31 binaries/bzero.o
 .comment       0x00000000       0x31 binaries/ctype_.o
 .comment       0x00000000       0x31 binaries/doprnt.o
 .comment       0x00000000       0x31 binaries/doscan.o
 .comment       0x00000000       0x31 binaries/fdoprnt.o
 .comment       0x00000000       0x31 binaries/fgetc.o
 .comment       0x00000000       0x31 binaries/fgets.o
 .comment       0x00000000       0x31 binaries/fprintf.o
 .comment       0x00000000       0x31 binaries/fputc.o
 .comment       0x00000000       0x31 binaries/fputs.o
 .comment       0x00000000       0x31 binaries/fscanf.o
 .comment       0x00000000       0x31 binaries/getchar.o
 .comment       0x00000000       0x31 binaries/labs.o
 .comment       0x00000000       0x31 binaries/memcmp.o
 .comment       0x00000000       0x31 binaries/memcpy.o
 .comment       0x00000000       0x31 binaries/memset.o
 .comment       0x00000000       0x31 binaries/printf.o
 .comment       0x00000000       0x31 binaries/putchar.o
 .comment       0x00000000       0x31 binaries/qsort.o
 .comment       0x00000000       0x31 binaries/rand.o
 .comment       0x00000000       0x31 binaries/sprintf.o
 .comment       0x00000000       0x31 binaries/sscanf.o
 .comment       0x00000000       0x31 binaries/strchr.o
 .comment       0x00000000       0x31 binaries/strcmp.o
 .comment       0x00000000       0x31 binaries/strcpy.o
 .comment       0x00000000       0x31 binaries/strlen.o
 .comment       0x00000000       0x31 binaries/strncat.o
 .comment       0x00000000       0x31 binaries/strncmp.o
 .comment       0x00000000       0x31 binaries/strncpy.o
 .comment       0x00000000       0x31 binaries/strnlen.o
 .comment       0x00000000       0x31 binaries/strrchr.o
 .comment       0x00000000       0x31 binaries/strstr.o
 .comment       0x00000000       0x31 binaries/ttycontrol.o
 .comment       0x00000000       0x31 binaries/ttygetc.o
 .comment       0x00000000       0x31 binaries/ttyhandle_in.o
 .comment       0x00000000       0x31 binaries/ttyhandle_out.o
 .comment       0x00000000       0x31 binaries/ttyhandler.o
 .comment       0x00000000       0x31 binaries/ttyinit.o
 .comment       0x00000000       0x31 binaries/ttykickout.o
 .comment       0x00000000       0x31 binaries/ttyputc.o
 .comment       0x00000000       0x31 binaries/ttyread.o
 .comment       0x00000000       0x31 binaries/ttywrite.o
 .comment       0x00000000       0x31 binaries/mount.o
 .comment       0x00000000       0x31 binaries/naminit.o
 .comment       0x00000000       0x31 binaries/nammap.o
 .comment       0x00000000       0x31 binaries/namopen.o
 .comment       0x00000000       0x31 binaries/ethcontrol.o
 .comment       0x00000000       0x31 binaries/ethhandler.o
 .comment       0x00000000       0x31 binaries/ethinit.o
 .comment       0x00000000       0x31 binaries/ethread.o
 .comment       0x00000000       0x31 binaries/ethwrite.o
 .comment       0x00000000       0x31 binaries/rdscomm.o
 .comment       0x00000000       0x31 binaries/rdscontrol.o
 .comment       0x00000000       0x31 binaries/rdsinit.o
 .comment       0x00000000       0x31 binaries/rdsopen.o
 .comment       0x00000000       0x31 binaries/rdsprocess.o
 .comment       0x00000000       0x31 binaries/rdsqfcns.o
 .comment       0x00000000       0x31 binaries/rdsread.o
 .comment       0x00000000       0x31 binaries/rdssetprio.o
 .comment       0x00000000       0x31 binaries/rdswrite.o
 .comment       0x00000000       0x31 binaries/ramclose.o
 .comment       0x00000000       0x31 binaries/raminit.o
 .comment       0x00000000       0x31 binaries/ramopen.o
 .comment       0x00000000       0x31 binaries/ramread.o
 .comment       0x00000000       0x31 binaries/ramwrite.o
 .comment       0x00000000       0x31 binaries/lfdballoc.o
 .comment       0x00000000       0x31 binaries/lfdbfree.o
 .comment       0x00000000       0x31 binaries/lfflush.o
 .comment       0x00000000       0x31 binaries/lfgetmode.o
 .comment       0x00000000       0x31 binaries/lfiballoc.o
 .comment       0x00000000       0x31 binaries/lfibclear.o
 .comment       0x00000000       0x31 binaries/lfibget.o
 .comment       0x00000000       0x31 binaries/lfibput.o
 .comment       0x00000000       0x31 binaries/lflclose.o
 .comment       0x00000000       0x31 binaries/lflcontrol.o
 .comment       0x00000000       0x31 binaries/lflgetc.o
 .comment       0x00000000       0x31 binaries/lflinit.o
 .comment       0x00000000       0x31 binaries/lflputc.o
 .comment       0x00000000       0x31 binaries/lflread.o
 .comment       0x00000000       0x31 binaries/lflseek.o
 .comment       0x00000000       0x31 binaries/lflwrite.o
 .comment       0x00000000       0x31 binaries/lfscheck.o
 .comment       0x00000000       0x31 binaries/lfsckfmt.o
 .comment       0x00000000       0x31 binaries/lfscreate.o
 .comment       0x00000000       0x31 binaries/lfsetup.o
 .comment       0x00000000       0x31 binaries/lfsinit.o
 .comment       0x00000000       0x31 binaries/lfsopen.o
 .comment       0x00000000       0x31 binaries/lftruncate.o
 .comment       0x00000000       0x31 binaries/rflclose.o
 .comment       0x00000000       0x31 binaries/rflgetc.o
 .comment       0x00000000       0x31 binaries/rflinit.o
 .comment       0x00000000       0x31 binaries/rflputc.o
 .comment       0x00000000       0x31 binaries/rflread.o
 .comment       0x00000000       0x31 binaries/rflseek.o
 .comment       0x00000000       0x31 binaries/rflwrite.o
 .comment       0x00000000       0x31 binaries/rfscomm.o
 .comment       0x00000000       0x31 binaries/rfscontrol.o
 .comment       0x00000000       0x31 binaries/rfsgetmode.o
 .comment       0x00000000       0x31 binaries/rfsinit.o
 .comment       0x00000000       0x31 binaries/rfsndmsg.o
 .comment       0x00000000       0x31 binaries/rfsopen.o
 .comment       0x00000000       0x31 binaries/spicontrol.o
 .comment       0x00000000       0x31 binaries/spiinit.o
 .comment       0x00000000       0x31 binaries/gpiocontrol.o
 .comment       0x00000000       0x31 binaries/gpiohandler.o
 .comment       0x00000000       0x31 binaries/gpioinit.o
 .comment       0x00000000       0x31 binaries/gpioread.o
 .comment       0x00000000       0x31 binaries/gpioselect.o
 .comment       0x00000000       0x31 binaries/gpiowrite.o
 .comment       0x00000000       0x31 binaries/arp.o
 .comment       0x00000000       0x31 binaries/dhcp.o
 .comment       0x00000000       0x31 binaries/dns.o
 .comment       0x00000000       0x31 binaries/dot2ip.o
 .comment       0x00000000       0x31 binaries/hexdump.o
 .comment       0x00000000       0x31 binaries/icmp.o
 .comment       0x00000000       0x31 binaries/ip.o
 .comment       0x00000000       0x31 binaries/net.o
 .comment       0x00000000       0x31 binaries/pdump.o
 .comment       0x00000000       0x31 binaries/tftp.o
 .comment       0x00000000       0x31 binaries/udp.o
 .comment       0x00000000       0x31 binaries/addargs.o
 .comment       0x00000000       0x31 binaries/lexan.o
 .comment       0x00000000       0x31 binaries/shell.o
 .comment       0x00000000       0x31 binaries/xsh_argecho.o
 .comment       0x00000000       0x31 binaries/xsh_arp.o
 .comment       0x00000000       0x31 binaries/xsh_cat.o
 .comment       0x00000000       0x31 binaries/xsh_clear.o
 .comment       0x00000000       0x31 binaries/xsh_date.o
 .comment       0x00000000       0x31 binaries/xsh_devdump.o
 .comment       0x00000000       0x31 binaries/xsh_echo.o
 .comment       0x00000000       0x31 binaries/xsh_exit.o
 .comment       0x00000000       0x31 binaries/xsh_help.o
 .comment       0x00000000       0x31 binaries/xsh_kill.o
 .comment       0x00000000       0x31 binaries/xsh_ls.o
 .comment       0x00000000       0x31 binaries/xsh_memdump.o
 .comment       0x00000000       0x31 binaries/xsh_memstat.o
 .comment       0x00000000       0x31 binaries/xsh_netinfo.o
 .comment       0x00000000       0x31 binaries/xsh_ns.o
 .comment       0x00000000       0x31 binaries/xsh_ping.o
 .comment       0x00000000       0x31 binaries/xsh_ps.o
 .comment       0x00000000       0x31 binaries/xsh_sleep.o
 .comment       0x00000000       0x31 binaries/xsh_udpdump.o
 .comment       0x00000000       0x31 binaries/xsh_udpecho.o
 .comment       0x00000000       0x31 binaries/xsh_udpserver.o
 .comment       0x00000000       0x31 binaries/xsh_uptime.o

.debug_frame    0x00000000       0x40
 .debug_frame   0x00000000       0x20 ../cross_compiler/lib/gcc/arm-none-eabi/4.8.1//libgcc.a(_udivsi3.o)
 .debug_frame   0x00000020       0x20 ../cross_compiler/lib/gcc/arm-none-eabi/4.8.1//libgcc.a(_divsi3.o)
